#-----------------------------------------------------------
# Vivado v2024.1 (64-bit)
# SW Build 5076996 on Wed May 22 18:36:09 MDT 2024
# IP Build 5075265 on Wed May 22 21:45:21 MDT 2024
# SharedData Build 5076995 on Wed May 22 18:29:18 MDT 2024
# Start of session at: Thu Jan 16 17:21:44 2025
# Process ID: 45925
# Current directory: /home/jing/RFSoC2x2-PYNQ/board/RFSoC2x2/base/project/project_1/project_1.runs/impl_1
# Command line: vivado -log uartlite_wrapper.vdi -applog -product Vivado -messageDb vivado.pb -mode batch -source uartlite_wrapper.tcl -notrace
# Log file: /home/jing/RFSoC2x2-PYNQ/board/RFSoC2x2/base/project/project_1/project_1.runs/impl_1/uartlite_wrapper.vdi
# Journal file: /home/jing/RFSoC2x2-PYNQ/board/RFSoC2x2/base/project/project_1/project_1.runs/impl_1/vivado.jou
# Running On        :seat40
# Platform          :Ubuntu
# Operating System  :Ubuntu 22.04.5 LTS
# Processor Detail  :Intel(R) Core(TM) i7-6700 CPU @ 3.40GHz
# CPU Frequency     :3759.415 MHz
# CPU Physical cores:4
# CPU Logical cores :8
# Host memory       :16541 MB
# Swap memory       :2147 MB
# Total Virtual     :18689 MB
# Available Virtual :13617 MB
#-----------------------------------------------------------
source uartlite_wrapper.tcl -notrace
